<?xml version="1.0" encoding="UTF-8"?>
<testsuites name="SampleSuite" tests="10" failures="4" errors="0">
  <testsuite name="SampleTestSuite" tests="10" failures="4" errors="0" skipped="2" timestamp="2025-10-08T00:00:00">
    <!-- Passed test cases -->
    <testcase name="TestCase01" classname="SampleTests" time="0.1" />
    <testcase name="TestCase02" classname="SampleTests" time="0.2" />
    <testcase name="TestCase03" classname="SampleTests" time="0.15" />
    <testcase name="TestCase04" classname="SampleTests" time="0.12" />
    <testcase name="TestCase05" classname="SampleTests" time="0.1" />

    <!-- Failed test cases include a <failure> tag -->
    <testcase name="TestCase06" classname="SampleTests" time="0.2">
      <failure type="failure" message="Assertion failed"/>
    </testcase>
    <testcase name="TestCase07" classname="SampleTests" time="0.25">
      <failure type="failure" message="Timeout"/>
    </testcase>
    <testcase name="TestCase08" classname="SampleTests" time="0.18">
      <failure type="failure" message="Null pointer exception"/>
    </testcase>

    <!-- Skipped test cases include a <skipped> tag -->
    <testcase name="TestCase09" classname="SampleTests" time="0.05">
      <skipped type="skipped" message="Feature not implemented"/>
    </testcase>
    <testcase name="TestCase10" classname="SampleTests" time="0.07">
      <skipped type="skipped" message="Test disabled"/>
    </testcase>
  </testsuite>
</testsuites>
